../Core/Src/main.c:115:13:uart_print	16	static
../Core/Src/main.c:126:5:main	8	static
../Core/Src/main.c:203:6:SystemClock_Config	88	static
../Core/Src/main.c:245:13:MX_CAN1_Init	8	static
../Core/Src/main.c:287:13:MX_USART2_UART_Init	8	static
../Core/Src/main.c:317:13:MX_GPIO_Init	48	static
../Core/Src/main.c:354:13:VehicleTask	24	static
../Core/Src/main.c:379:13:CliTask	16	static
../Core/Src/main.c:394:13:CanRxTask	40	static
../Core/Src/main.c:431:6:StartDefaultTask	16	static
../Core/Src/main.c:446:6:Error_Handler	4	static,ignoring_inline_asm
